  CerebrasClient initialized with 4 keys.
  CerebrasClient initialized with 4 keys.

[1m[95m==============================================================[0m
  [1m[95mRESUME RANKING DATASET PIPELINE[0m
[1m[95m==============================================================[0m
  [1mGEN PROVIDER       :[0m CEREBRAS (temp=0.7)
  [1mRANK PROVIDER      :[0m CEREBRAS (temp=0.0)
  [1mTARGET SAMPLES     :[0m 1800
  [1mWORKERS            :[0m 3
  [1mOUTPUT             :[0m train_verified_final.jsonl
  [1mMODE               :[0m [93mskip-gen[0m
[2m  ────────────────────────────────────────────────────[0m
[1m[95m==============================================================[0m

[1m[93m●[0m [93mSkip-gen: 1001 JDs and 3021 resumes loaded[0m
[1m[92m●[0m [92mStage 3: 1800 pairs already built, skipping.[0m
[1m[96m●[0m [96mStage 4: Ranking 1800 remaining pairs (already have 0) (temp=0.0, workers=3)...[0m
  [96mRanking[0m:   0%|[96m          [0m| 0/1800 [00:00<?, ?pair/s]  Cerebras Rate Limit (Key 3): Waiting 2.5s...
  Cerebras Rate Limit (Key 3): Waiting 2.5s...
  [96mRanking[0m:   0%|[96m          [0m| 0/1800 [00:01<?, ?pair/s]
  Cerebras Rate Limit (Key 3): Waiting 2.5s...
  Cerebras Rate Limit (Key 0): Waiting 2.5s...
  Cerebras Rate Limit (Key 1): Waiting 2.5s...
  Cerebras Rate Limit (Key 3): Waiting 2.5s...
  Cerebras Rate Limit (Key 0): Waiting 2.5s...
  Cerebras Rate Limit (Key 2): Waiting 2.5s...
  Cerebras Rate Limit (Key 2): Waiting 2.5s...
  Cerebras Rate Limit (Key 0): Waiting 2.5s...
  Cerebras Rate Limit (Key 0): Waiting 2.5s...
  Cerebras Rate Limit (Key 2): Waiting 2.5s...
  Cerebras Rate Limit (Key 2): Waiting 2.5s...
  Cerebras Rate Limit (Key 3): Waiting 2.5s...
  Cerebras Rate Limit (Key 1): Waiting 2.5s...
  Cerebras Rate Limit (Key 1): Waiting 2.5s...
  Cerebras Rate Limit (Key 2): Waiting 2.5s...
  Cerebras Rate Limit (Key 0): Waiting 2.5s...
  Cerebras Rate Limit (Key 1): Waiting 2.5s...
  Cerebras Rate Limit (Key 0): Waiting 2.5s...
  Cerebras Rate Limit (Key 1): Waiting 2.5s...
  Cerebras Rate Limit (Key 3): Waiting 2.5s...
/usr/lib/python3.14/multiprocessing/resource_tracker.py:396: UserWarning: resource_tracker: There appear to be 1 leaked semaphore objects to clean up at shutdown: {'/mp-zuuzxotg'}
  warnings.warn(
imit (Key 3): Waiting 2.5s...
  Cerebras Rate Limit (Key 0): Waiting 2.5s...
  Cerebras Rate Limit (Key 2): Waiting 2.5s...
  Cerebras Rate Limit (Key 2): Waiting 2.5s...
  Cerebras Rate Limit (Key 3): Waiting 2.5s...
  Cerebras Rate Limit (Key 1): Waiting 2.5s...
  Cerebras Rate Limit (Key 1): Waiting 2.5s...
  Cerebras Rate Limit (Key 3): Waiting 2.5s...
  Cerebras Rate Limit (Key 0): Waiting 2.5s...
  Cerebras Rate Limit (Key 1): Waiting 2.5s...
  Cerebras Rate Limit (Key 3): Waiting 2.5s...
/usr/lib/python3.14/multiprocessing/resource_tracker.py:396: UserWarning: resource_tracker: There appear to be 1 leaked semaphore objects to clean up at shutdown: {'/mp-xsvmth_5'}
  warnings.warn(
mit (Key 2): Waiting 2.5s...
  Cerebras Rate Limit (Key 3): Waiting 2.5s...
  Cerebras Rate Limit (Key 0): Waiting 2.5s...
  Cerebras Rate Limit (Key 2): Waiting 2.5s...
/usr/lib/python3.14/multiprocessing/resource_tracker.py:396: UserWarning: resource_tracker: There appear to be 1 leaked semaphore objects to clean up at shutdown: {'/mp-04e4nrca'}
  warnings.warn(
